[herfybd.com/index.html]
[backblue.gif]
[fade.gif]
[index.html]
[herfybd.com/assets/image/favicon.ico]
[herfybd.com/assets/js/jquery/jquery.js]
[herfybd.com/assets/js/jquery/jRate.js]
[herfybd.com/assets/js/jquery.elimore.js]
[herfybd.com/assets/js/jquery/jquery.bpopup.min.js]
[herfybd.com/assets/js/jquery/jquery-migrate.min.js]
[herfybd.com/assets/js/script.js]
[herfybd.com/assets/js/jquery.dd.js]
[herfybd.com/assets/js/bt_elements.js]
[herfybd.com/assets/js/gtm4wp-form-move-tracker.js]
[herfybd.com/assets/js/modernizr.custom.js]
[herfybd.com/assets/js/jquery.elevatezoom.js]
[herfybd.com/assets/js/jquery.viewbox.js]
[herfybd.com/assets/js/jquery-ui.min.js]
[herfybd.com/assets/js/jquery.flexslider.js]
[herfybd.com/assets/image/logo-classic.png]
[herfybd.com/assets/image/logo.png]
[herfybd.com/home.html]
[herfybd.com/menu.html]
[herfybd.com/menu/burger.html]
[herfybd.com/menu/chickenitem.html]
[herfybd.com/menu/kiddiemeal.html]
[herfybd.com/menu/ricesalad.html]
[herfybd.com/menu/sideswraps.html]
[herfybd.com/menu/milkshakes.html]
[herfybd.com/menu/mocktail.html]
[herfybd.com/menu/drinks.html]
[herfybd.com/location.html]
[herfybd.com/gulshan.html]
[herfybd.com/banani.html]
[herfybd.com/uttara.html]
[herfybd.com/offer.html]
[herfybd.com/about.html]
[herfybd.com/contact.html]
[herfybd.com/assets/image/background-home-top.jpg]
[herfybd.com/assets/image/homedelivery.gif]
[herfybd.com/assets/image/burger_illustration_1.png]
[herfybd.com/assets/image/friedchicken.png]
[herfybd.com/assets/image/burger_illustration_2.png]
[herfybd.com/assets/image/burger_illustration_3.png]
[herfybd.com/assets/image/french_fries_icon.png]
[herfybd.com/menu/icecream.html]
[herfybd.com/assets/image/burger_illustration_4.png]
[herfybd.com/item/1.html]
[herfybd.com/assets/image/small/combo_big_herfy.png]
[herfybd.com/item/6.html]
[herfybd.com/assets/image/small/combo_chicken_cheese.png]
[herfybd.com/item/11.html]
[herfybd.com/assets/image/small/combo_grilled_chicken.png]
[herfybd.com/item/10.html]
[herfybd.com/assets/image/small/combo_chilli_chicken.png]
[herfybd.com/item/3.html]
[herfybd.com/assets/image/small/combo_cheese_burger.png]
[herfybd.com/item/2.html]
[herfybd.com/assets/image/small/combo_veggi_burger.png]
[herfybd.com/assets/uploads/background-offers-slider-bg.jpg]
[herfybd.com/item/4.html]
[herfybd.com/assets/image/small/angus_burger_combo.png]
[herfybd.com/item/7.html]
[herfybd.com/assets/image/small/Super-Angus.png]
[herfybd.com/item/5.html]
[herfybd.com/assets/image/small/combo_turky_burger.png]
[herfybd.com/item/16.html]
[herfybd.com/assets/image/small/combo_super_fish_fillet.png]
[herfybd.com/item/17.html]
[herfybd.com/assets/image/small/combo_super_herfy.png]
[herfybd.com/item/12.html]
[herfybd.com/assets/image/small/Super-Chicken.png]
[herfybd.com/item/13.html]
[herfybd.com/assets/image/small/combo_super_chilli_chicken.png]
[herfybd.com/item/8.html]
[herfybd.com/assets/image/small/combo_double_herfy.png]
[herfybd.com/item/9.html]
[herfybd.com/assets/image/small/combo_double_beef.png]
[herfybd.com/item/14.html]
[herfybd.com/assets/image/small/combo_double_chicken.png]
[herfybd.com/assets/uploads/hero_inner_blog.jpg]
[herfybd.com/item/26.html]
[herfybd.com/assets/image/small/chickennugget.png]
[herfybd.com/item/27.html]
[herfybd.com/assets/image/small/bbbg.png]
[herfybd.com/item/28.html]
[herfybd.com/assets/image/small/Chickendrumstick.png]
[herfybd.com/item/29.html]
[herfybd.com/assets/image/small/chbbg.png]
[herfybd.com/item/30.html]
[herfybd.com/assets/image/small/cpoc.png]
[herfybd.com/item/58.html]
[herfybd.com/assets/image/small/spicy_chicken_wrap.png]
[herfybd.com/item/44.html]
[herfybd.com/assets/image/small/Chicken-Tortilla.png]
[herfybd.com/item/45.html]
[herfybd.com/assets/image/small/Beef-Tortilla-Wrap.png]
[herfybd.com/item/35.html]
[herfybd.com/assets/image/small/french_fries.png]
[herfybd.com/item/36.html]
[herfybd.com/assets/image/small/curly_fries.png]
[herfybd.com/item/37.html]
[herfybd.com/assets/image/small/onion-rings.png]
[herfybd.com/assets/uploads/background-food-truck-page-01.jpg]
[herfybd.com/item/31.html]
[herfybd.com/assets/image/small/rice_crispy_chicken.png]
[herfybd.com/item/32.html]
[herfybd.com/assets/image/small/rice_crispy_chicken2.png]
[herfybd.com/item/34.html]
[herfybd.com/assets/image/small/hawallain_salad.png]
[herfybd.com/item/33.html]
[herfybd.com/assets/image/small/coleslaw_salad.png]
[herfybd.com/item/19.html]
[herfybd.com/assets/image/small/chicken_nugget.png]
[herfybd.com/item/20.html]
[herfybd.com/assets/image/small/chicken_popcorn.png]
[herfybd.com/item/21.html]
[herfybd.com/assets/image/small/chicken_strips.png]
[herfybd.com/item/24.html]
[herfybd.com/assets/image/small/fried_chicken.png]
[herfybd.com/item/25.html]
[herfybd.com/assets/image/small/brosted_chicken.png]
[herfybd.com/item/22.html]
[herfybd.com/assets/image/small/chicken_wings.png]
[herfybd.com/item/23.html]
[herfybd.com/assets/image/small/chicken_bucket.png]
[herfybd.com/assets/uploads/background-menu-sweets.jpg]
[herfybd.com/item/42.html]
[herfybd.com/assets/image/small/cone.png]
[herfybd.com/item/43.html]
[herfybd.com/assets/image/small/ice_cream.png]
[herfybd.com/item/46.html]
[herfybd.com/assets/image/small/vanilleshake.png]
[herfybd.com/item/47.html]
[herfybd.com/assets/image/small/oreo_shake.png]
[herfybd.com/item/52.html]
[herfybd.com/assets/image/small/virgen_mojito.png]
[herfybd.com/item/57.html]
[herfybd.com/assets/image/small/virgin_strawberry_mojito.png]
[herfybd.com/item/55.html]
[herfybd.com/assets/image/small/fresh_lemonade.png]
[herfybd.com/item/56.html]
[herfybd.com/assets/image/small/virgin_lichee_mojiti.png]
[herfybd.com/item/38.html]
[herfybd.com/assets/image/small/cocacola.png]
[herfybd.com/item/39.html]
[herfybd.com/assets/image/small/sprite.png]
[herfybd.com/item/40.html]
[herfybd.com/assets/image/small/fanta.png]
[herfybd.com/item/49.html]
[herfybd.com/assets/image/small/dietcoke.png]
[herfybd.com/item/41.html]
[herfybd.com/assets/image/small/mineral_water.jpg]
[herfybd.com/assets/image/HERFY_MENU.pdf]
[herfybd.com/assets/js/comment-reply.min.js]
[herfybd.com/assets/js/scriptsce.js]
[herfybd.com/assets/js/clipboard.min.js]
[herfybd.com/assets/js/add-to-cart.min.js]
[herfybd.com/assets/js/jquery.blockUI.min.js]
[herfybd.com/assets/js/js.cookie.min.js]
[herfybd.com/assets/js/woocommerce.min.js]
[herfybd.com/assets/js/cart-fragments.min.js]
[herfybd.com/assets/js/viewport-units-buggyfill.js]
[herfybd.com/assets/js/slick.min.js]
[herfybd.com/assets/js/jquery.magnific-popup.min.js]
[herfybd.com/assets/js/iscroll.js]
[herfybd.com/assets/js/fancySelect.js]
[herfybd.com/assets/js/viewport-units-buggyfill.hacks.js]
[herfybd.com/assets/js/header.misc.js]
[herfybd.com/assets/js/misc.js]
[herfybd.com/assets/js/dir.hover.js]
[herfybd.com/assets/js/sliders.js]
[herfybd.com/assets/js/bt_parallax.js]
[herfybd.com/assets/js/wp-embed.min.js]
[herfybd.com/assets/js/bt_gmap.js]
[herfybd.com/index.html]
[herfybd.com/assets/css/fonts/fontawesome-webfonte0a5e0a5.eot]
[herfybd.com/assets/css/fonts/fontawesome-webfontd41dd41d.eot]
[herfybd.com/assets/css/fonts/fontawesome-webfonte0a5e0a5.woff2]
[herfybd.com/assets/css/fonts/fontawesome-webfonte0a5e0a5.woff]
[herfybd.com/assets/css/fonts/fontawesome-webfonte0a5e0a5.ttf]
[herfybd.com/assets/css/fonts/fontawesome-webfonte0a5e0a5.svg]
[herfybd.com/assets/css/fonts/Pe-icon-7-strokebb1dbb1d.eot]
[herfybd.com/assets/css/fonts/Pe-icon-7-stroked41dd41d.eot]
[herfybd.com/assets/css/fonts/Pe-icon-7-strokebb1dbb1d.woff]
[herfybd.com/assets/css/fonts/Pe-icon-7-strokebb1dbb1d.ttf]
[herfybd.com/assets/css/fonts/Pe-icon-7-strokebb1dbb1d.svg]
[herfybd.com/assets/css/fonts/weathericons-regular-webfont.eot]
[herfybd.com/assets/css/fonts/weathericons-regular-webfontd41dd41d.eot]
[herfybd.com/assets/css/fonts/weathericons-regular-webfont.woff2]
[herfybd.com/assets/css/fonts/weathericons-regular-webfont.woff]
[herfybd.com/assets/css/fonts/weathericons-regular-webfont.ttf]
[herfybd.com/assets/css/fonts/weathericons-regular-webfont.svg]
[herfybd.com/assets/css/fonts/CustomDesignSet9f4d9f4d.ttf]
[herfybd.com/assets/css/fonts/CustomDesignSet9f4d9f4d.woff]
[herfybd.com/assets/css/fonts/CustomDesignSet9f4d9f4d.svg]
[herfybd.com/assets/css/fonts/CraftEssential9f4d9f4d.ttf]
[herfybd.com/assets/css/fonts/CraftEssential9f4d9f4d.woff]
[herfybd.com/assets/css/fonts/CraftEssential9f4d9f4d.svg]
[herfybd.com/assets/css/fonts/Business9f4d9f4d.ttf]
[herfybd.com/assets/css/fonts/Business9f4d9f4d.woff]
[herfybd.com/assets/css/fonts/Business9f4d9f4d.svg]
[herfybd.com/assets/css/fonts/Development9f4d9f4d.ttf]
[herfybd.com/assets/css/fonts/Development9f4d9f4d.woff]
[herfybd.com/assets/css/fonts/Development9f4d9f4d.svg]
[herfybd.com/assets/css/fonts/coffee-shopf791f791.ttf]
[herfybd.com/assets/css/fonts/coffee-shopf791f791.woff]
[herfybd.com/assets/css/fonts/coffee-shopf791f791.svg]
[herfybd.com/assets/css/fonts/gastronomy-collection423e423e.ttf]
[herfybd.com/assets/css/fonts/gastronomy-collection423e423e.woff]
[herfybd.com/assets/css/fonts/gastronomy-collection423e423e.svg]
[herfybd.com/assets/css/fonts/hotel-services49bd49bd.ttf]
[herfybd.com/assets/css/fonts/hotel-services49bd49bd.woff]
[herfybd.com/assets/css/fonts/hotel-services49bd49bd.svg]
[herfybd.com/assets/css/fonts/restaurant-elementsbbb3bbb3.ttf]
[herfybd.com/assets/css/fonts/restaurant-elementsbbb3bbb3.woff]
[herfybd.com/assets/css/fonts/restaurant-elementsbbb3bbb3.svg]
[herfybd.com/assets/css/fonts/CelebrationSetbbb3bbb3.ttf]
[herfybd.com/assets/css/fonts/CelebrationSetbbb3bbb3.woff]
[herfybd.com/assets/css/fonts/rCelebrationSetbbb3bbb3.svg]
[herfybd.com/assets/css/gfx/diagonalstripe-black.png]
[herfybd.com/assets/css/gfx/diagonalstripe.png]
[herfybd.com/plugins/woocommerce/assets/fonts/star.eot]
[herfybd.com/plugins/woocommerce/assets/fonts/stard41dd41d.eot]
[herfybd.com/plugins/woocommerce/assets/fonts/star.woff]
[herfybd.com/plugins/woocommerce/assets/fonts/star.ttf]
[herfybd.com/plugins/woocommerce/assets/fonts/star.svg]
[herfybd.com/plugins/woocommerce/assets/fonts/WooCommerce.eot]
[herfybd.com/plugins/woocommerce/assets/fonts/WooCommerced41dd41d.eot]
[herfybd.com/plugins/woocommerce/assets/fonts/WooCommerce.woff]
[herfybd.com/plugins/woocommerce/assets/fonts/WooCommerce.ttf]
[herfybd.com/plugins/woocommerce/assets/fonts/WooCommerce.svg]
[herfybd.com/plugins/woocommerce/assets/images/icons/loader.svg]
[herfybd.com/plugins/woocommerce/assets/images/icons/credit-cards/visa.png]
[herfybd.com/plugins/woocommerce/assets/images/icons/credit-cards/mastercard.png]
[herfybd.com/plugins/woocommerce/assets/images/icons/credit-cards/laser.png]
[herfybd.com/plugins/woocommerce/assets/images/icons/credit-cards/diners.png]
[herfybd.com/plugins/woocommerce/assets/images/icons/credit-cards/maestro.png]
[herfybd.com/plugins/woocommerce/assets/images/icons/credit-cards/jcb.png]
[herfybd.com/plugins/woocommerce/assets/images/icons/credit-cards/amex.png]
[herfybd.com/plugins/woocommerce/assets/images/icons/credit-cards/discover.png]
[herfybd.com/assets/css/stylecrush.css]
[herfybd.com/assets/fonts/fontawesome-webfont3e6e.eot]
[herfybd.com/assets/fonts/fontawesome-webfontd41d.eot]
[herfybd.com/assets/fonts/fontawesome-webfont3e6e.woff2]
[herfybd.com/assets/fonts/fontawesome-webfont3e6e.woff]
[herfybd.com/assets/fonts/fontawesome-webfont3e6e.ttf]
[herfybd.com/assets/fonts/fontawesome-webfont3e6e.svg]
[herfybd.com/assets/css/font-awesome.min.css]
[herfybd.com/images/ajax-loader.gif]
[herfybd.com/assets/css/stylesce.css]
[herfybd.com/assets/css/css/print.css]
[herfybd.com/assets/css/print.css]
[herfybd.com/assets/css/viewportbuggyfill.css]
[herfybd.com/assets/css/magnificpopup.css]
[herfybd.com/assets/css/style.css]
[herfybd.com/assets/css/viewbox.css]
[herfybd.com/assets/css/images/ui-bg_highlight-soft_75_cccccc_1x100.png]
[herfybd.com/assets/css/jquery-ui.min.css]
[herfybd.com/assets/css/fonts/flexslider-icon.eot]
[herfybd.com/assets/css/fonts/flexslider-icond41d.eot]
[herfybd.com/assets/css/fonts/flexslider-icon.woff]
[herfybd.com/assets/css/fonts/flexslider-icon.ttf]
[herfybd.com/assets/css/flexslider.css]
[herfybd.com/home.html]
[herfybd.com/assets/uploads/hero_inner_page.jpg]
[herfybd.com/menu.html]
[herfybd.com/assets/image/combo_big_herfy.png]
[herfybd.com/assets/image/combo_veggi_burger.png]
[herfybd.com/assets/image/combo_cheese_burger.png]
[herfybd.com/assets/image/angus_burger_combo.png]
[herfybd.com/assets/image/combo_turky_burger.png]
[herfybd.com/assets/image/Super-Angus.png]
[herfybd.com/assets/image/combo_double_herfy.png]
[herfybd.com/assets/image/combo_double_beef.png]
[herfybd.com/assets/image/combo_chilli_chicken.png]
[herfybd.com/assets/image/combo_grilled_chicken.png]
[herfybd.com/assets/image/Super-Chicken.png]
[herfybd.com/assets/image/combo_super_chilli_chicken.png]
[herfybd.com/assets/image/combo_double_chicken.png]
[herfybd.com/assets/image/combo_super_fish_fillet.png]
[herfybd.com/assets/image/combo_super_herfy.png]
[herfybd.com/assets/image/combo_chicken_cheese.png]
[herfybd.com/menu/burger.html]
[herfybd.com/assets/image/chicken_nugget.png]
[herfybd.com/assets/image/chicken_popcorn.png]
[herfybd.com/assets/image/chicken_strips.png]
[herfybd.com/assets/image/chicken_wings.png]
[herfybd.com/assets/image/chicken_bucket.png]
[herfybd.com/assets/image/fried_chicken.png]
[herfybd.com/assets/image/brosted_chicken.png]
[herfybd.com/menu/chickenitem.html]
[herfybd.com/assets/image/chickennugget.png]
[herfybd.com/assets/image/bbbg.png]
[herfybd.com/assets/image/Chickendrumstick.png]
[herfybd.com/assets/image/chbbg.png]
[herfybd.com/assets/image/cpoc.png]
[herfybd.com/menu/kiddiemeal.html]
[herfybd.com/assets/image/rice_crispy_chicken.png]
[herfybd.com/assets/image/rice_crispy_chicken2.png]
[herfybd.com/assets/image/coleslaw_salad.png]
[herfybd.com/assets/image/hawallain_salad.png]
[herfybd.com/menu/ricesalad.html]
[herfybd.com/assets/image/french_fries.png]
[herfybd.com/assets/image/curly_fries.png]
[herfybd.com/assets/image/onion-rings.png]
[herfybd.com/assets/image/Chicken-Tortilla.png]
[herfybd.com/assets/image/Beef-Tortilla-Wrap.png]
[herfybd.com/assets/image/spicy_chicken_wrap.png]
[herfybd.com/menu/sideswraps.html]
[herfybd.com/assets/image/vanilleshake.png]
[herfybd.com/assets/image/oreo_shake.png]
[herfybd.com/menu/milkshakes.html]
[herfybd.com/assets/image/virgen_mojito.png]
[herfybd.com/assets/image/fresh_lemonade.png]
[herfybd.com/assets/image/virgin_lichee_mojiti.png]
[herfybd.com/assets/image/virgin_strawberry_mojito.png]
[herfybd.com/menu/mocktail.html]
[herfybd.com/assets/image/dietcoke.png]
[herfybd.com/assets/image/cocacola.png]
[herfybd.com/assets/image/sprite.png]
[herfybd.com/assets/image/fanta.png]
[herfybd.com/assets/image/mineral_water.jpg]
[herfybd.com/menu/drinks.html]
[herfybd.com/assets/image/stayhooked.jpg]
[herfybd.com/assets/image/flaunthaunt.jpg]
[herfybd.com/assets/image/herfyairport.jpg]
[herfybd.com/location.html]
[herfybd.com/assets/image/pattylicious.jpg]
[herfybd.com/gulshan.html]
[herfybd.com/assets/image/wishesh2o.jpg]
[herfybd.com/banani.html]
[herfybd.com/assets/image/herfyuttara1.jpg]
[herfybd.com/uttara.html]
[herfybd.com/assets/image/ramadan/comming_offer.jpg]
[herfybd.com/offer.html]
[herfybd.com/assets/image/herfyar.jpg]
[herfybd.com/assets/image/herfyksa.jpg]
[herfybd.com/assets/image/buildnew.jpg]
[herfybd.com/assets/image/herfyksain.jpg]
[herfybd.com/assets/image/meat_food_img.png]
[herfybd.com/assets/image/herfyfood.jpg]
[herfybd.com/assets/image/herfyfoods.jpg]
[herfybd.com/assets/image/herfyfoodservice.jpg]
[herfybd.com/assets/image/signing_ceremony.jpg]
[herfybd.com/assets/image/gulshan1.jpg]
[herfybd.com/assets/image/gulshan3.jpg]
[herfybd.com/assets/image/gulshan5.jpg]
[herfybd.com/assets/image/mamasauce_three.jpg]
[herfybd.com/assets/image/mamasauce_two.jpg]
[herfybd.com/assets/image/banani2.jpg]
[herfybd.com/assets/image/uttara_open.jpg]
[herfybd.com/about.html]
[herfybd.com/contact.html]
[herfybd.com/assets/image/cone.png]
[herfybd.com/assets/image/ice_cream.png]
[herfybd.com/menu/icecream.html]
[herfybd.com/assets/image/halal-bg-ff.png]
[herfybd.com/assets/image/ingredients/sesame_seed_bun.png]
[herfybd.com/assets/image/ingredients/lettuce-wrap.png]
[herfybd.com/assets/image/ingredients/chiptole-mayo.png]
[herfybd.com/assets/image/ingredients/tomatoleaf.jpg]
[herfybd.com/assets/image/ingredients/pickles.jpg]
[herfybd.com/assets/image/ingredients/red-onion.png]
[herfybd.com/assets/image/ingredients/ketchup.png]
[herfybd.com/assets/image/ingredients/classic-cheese.png]
[herfybd.com/assets/image/ingredients/beef_patty.png]
[herfybd.com/item/1.html]
[herfybd.com/assets/image/ingredients/Single-Patty.png]
[herfybd.com/item/6.html]
[herfybd.com/assets/image/ingredients/big-mac-special-sauce.png]
[herfybd.com/assets/image/ingredients/tenderBrest.png]
[herfybd.com/item/11.html]
[herfybd.com/item/10.html]
[herfybd.com/assets/image/ingredients/mustard.png]
[herfybd.com/item/3.html]
[herfybd.com/assets/image/ingredients/vegetable_patty.jpg]
[herfybd.com/item/2.html]
[herfybd.com/assets/image/ingredients/bbq-dijonniase.png]
[herfybd.com/assets/image/ingredients/crispy-bacon.png]
[herfybd.com/assets/image/ingredients/Caramelized-Onions.png]
[herfybd.com/assets/image/ingredients/angus-beef.png]
[herfybd.com/item/4.html]
[herfybd.com/assets/image/ingredients/egg.png]
[herfybd.com/assets/image/ingredients/onion_ring.png]
[herfybd.com/item/7.html]
[herfybd.com/assets/image/ingredients/persil.png]
[herfybd.com/assets/image/ingredients/turkySauce.png]
[herfybd.com/item/5.html]
[herfybd.com/assets/image/ingredients/creamy_tartar_sauce.png]
[herfybd.com/assets/image/ingredients/salt.png]
[herfybd.com/assets/image/ingredients/fishfillet.png]
[herfybd.com/item/15.html]
[herfybd.com/assets/image/combo_fish_fillet.png]
[herfybd.com/item/16.html]
[herfybd.com/assets/image/ingredients/dijon.png]
[herfybd.com/item/17.html]
[herfybd.com/item/12.html]
[herfybd.com/item/13.html]
[herfybd.com/item/8.html]
[herfybd.com/assets/image/ingredients/special_bun.png]
[herfybd.com/item/9.html]
[herfybd.com/item/14.html]
[herfybd.com/assets/uploads/hero_inner_blog.html]
[herfybd.com/item/26.html]
[herfybd.com/item/27.html]
[herfybd.com/item/28.html]
[herfybd.com/item/29.html]
[herfybd.com/item/30.html]
[herfybd.com/assets/image/ingredients/tortilla-wrap.png]
[herfybd.com/assets/image/ingredients/tortilla_sauce.png]
[herfybd.com/assets/image/ingredients/capsicum.png]
[herfybd.com/assets/image/ingredients/brested_fillet.png]
[herfybd.com/item/58.html]
[herfybd.com/item/44.html]
[herfybd.com/item/45.html]
[herfybd.com/item/35.html]
[herfybd.com/item/36.html]
[herfybd.com/item/37.html]
[herfybd.com/item/31.html]
[herfybd.com/item/32.html]
[herfybd.com/item/34.html]
[herfybd.com/item/33.html]
[herfybd.com/item/19.html]
[herfybd.com/item/20.html]
[herfybd.com/item/21.html]
[herfybd.com/item/24.html]
[herfybd.com/item/25.html]
[herfybd.com/item/22.html]
[herfybd.com/item/23.html]
[herfybd.com/item/42.html]
[herfybd.com/item/43.html]
[herfybd.com/item/46.html]
[herfybd.com/item/47.html]
[herfybd.com/item/52.html]
[herfybd.com/item/57.html]
[herfybd.com/item/55.html]
[herfybd.com/item/56.html]
[herfybd.com/item/38.html]
[herfybd.com/item/39.html]
[herfybd.com/item/40.html]
[herfybd.com/item/49.html]
[herfybd.com/item/41.html]
[herfybd.com/assets/css/fonts/fontawesome-webfonte0a5e0a5.html]
[herfybd.com/assets/css/fonts/Pe-icon-7-strokebb1dbb1d.html]
[herfybd.com/assets/css/fonts/weathericons-regular-webfont.html]
[herfybd.com/assets/css/fonts/CustomDesignSet9f4d9f4d.html]
[herfybd.com/assets/css/fonts/CraftEssential9f4d9f4d.html]
[herfybd.com/assets/css/fonts/Business9f4d9f4d.html]
[herfybd.com/assets/css/fonts/Development9f4d9f4d.html]
[herfybd.com/assets/css/fonts/coffee-shopf791f791.html]
[herfybd.com/assets/css/fonts/gastronomy-collection423e423e.html]
[herfybd.com/assets/css/fonts/hotel-services49bd49bd.html]
[herfybd.com/assets/css/fonts/restaurant-elementsbbb3bbb3.html]
[herfybd.com/assets/css/fonts/rCelebrationSetbbb3bbb3.html]
[herfybd.com/assets/css/gfx/diagonalstripe-black.html]
[herfybd.com/assets/css/gfx/diagonalstripe.html]
[herfybd.com/plugins/woocommerce/assets/fonts/star.html]
[herfybd.com/plugins/woocommerce/assets/fonts/stard41dd41d.html]
[herfybd.com/plugins/woocommerce/assets/fonts/star-2.html]
[herfybd.com/plugins/woocommerce/assets/fonts/star-3.html]
[herfybd.com/plugins/woocommerce/assets/fonts/star-4.html]
[herfybd.com/plugins/woocommerce/assets/fonts/WooCommerce.html]
[herfybd.com/plugins/woocommerce/assets/fonts/WooCommerced41dd41d.html]
[herfybd.com/plugins/woocommerce/assets/fonts/WooCommerce-2.html]
[herfybd.com/plugins/woocommerce/assets/fonts/WooCommerce-3.html]
[herfybd.com/plugins/woocommerce/assets/fonts/WooCommerce-4.html]
[herfybd.com/plugins/woocommerce/assets/images/icons/loader.html]
[herfybd.com/plugins/woocommerce/assets/images/icons/credit-cards/visa.html]
[herfybd.com/plugins/woocommerce/assets/images/icons/credit-cards/mastercard.html]
[herfybd.com/plugins/woocommerce/assets/images/icons/credit-cards/laser.html]
[herfybd.com/plugins/woocommerce/assets/images/icons/credit-cards/diners.html]
[herfybd.com/plugins/woocommerce/assets/images/icons/credit-cards/maestro.html]
[herfybd.com/plugins/woocommerce/assets/images/icons/credit-cards/jcb.html]
[herfybd.com/plugins/woocommerce/assets/images/icons/credit-cards/amex.html]
[herfybd.com/plugins/woocommerce/assets/images/icons/credit-cards/discover.html]
[herfybd.com/assets/fonts/fontawesome-webfont3e6e.html]
[herfybd.com/assets/fonts/fontawesome-webfontd41d.html]
[herfybd.com/assets/fonts/fontawesome-webfont3e6e-2.html]
[herfybd.com/assets/fonts/fontawesome-webfont3e6e-3.html]
[herfybd.com/assets/fonts/fontawesome-webfont3e6e-4.html]
[herfybd.com/assets/fonts/fontawesome-webfont3e6e-5.html]
[herfybd.com/images/ajax-loader.html]
[herfybd.com/assets/css/css/print.html]
[herfybd.com/assets/css/images/ui-bg_highlight-soft_75_cccccc_1x100.html]
[herfybd.com/assets/css/fonts/flexslider-icon.svg]
[herfybd.com/item/15.html]
